// Jest Snapshot v1, https://goo.gl/fbAQLP

exports[`CustomModal should match snapshot 1`] = `ShallowWrapper {}`;
