// Jest Snapshot v1, https://goo.gl/fbAQLP

exports[`Account container Account component should match snapshot 1`] = `ShallowWrapper {}`;

exports[`Account container AccountWrapper should match snapshot 1`] = `ShallowWrapper {}`;
