// Jest Snapshot v1, https://goo.gl/fbAQLP

exports[`CustomAlert should match snapshot 1`] = `ShallowWrapper {}`;
